[kitpro.site/tutturu/index.html]
[kitpro.site/tutturu/xmlrpc.php]
[backblue.gif]
[fade.gif]
[index.html]
[kitpro.site/tutturu/wp-content/plugins/jeg-elementor-kit/assets/css/elements/main6fca.css]
[kitpro.site/tutturu/feed/index.html]
[kitpro.site/tutturu/wp-content/plugins/template-kit-export/public/assets/css/template-kit-export-public.min365c.css]
[kitpro.site/tutturu/wp-content/plugins/header-footer-elementor/assets/css/header-footer-elementor88a1.css]
[kitpro.site/tutturu/wp-content/plugins/elementor/assets/lib/eicons/css/elementor-icons.mind54b.css]
[kitpro.site/tutturu/comments/feed/index.html]
[kitpro.site/tutturu/wp-content/plugins/elementor/assets/css/frontend-lite.min78fb.css]
[kitpro.site/tutturu/wp-content/plugins/elementor/assets/lib/swiper/v8/css/swiper.min94a4.css]
[kitpro.site/tutturu/wp-content/uploads/sites/69/elementor/css/post-6aed2.css]
[kitpro.site/tutturu/wp-content/uploads/sites/69/elementor/css/post-9154fdc.css]
[kitpro.site/tutturu/wp-content/uploads/sites/69/elementor/css/post-3584fdc.css]
[kitpro.site/tutturu/wp-content/uploads/sites/69/elementor/css/post-3644fdc.css]
[kitpro.site/tutturu/wp-content/plugins/metform/public/assets/css/text-editor3b71.css]
[kitpro.site/tutturu/wp-content/themes/hello-elementor/style.min1102.css]
[kitpro.site/tutturu/wp-content/themes/hello-elementor/theme.min1102.css]
[kitpro.site/tutturu/wp-content/plugins/elementskit-lite/modules/elementskit-icon-pack/assets/css/ekiticons7c45.css]
[kitpro.site/tutturu/wp-content/plugins/elementskit-lite/widgets/init/assets/css/responsive7c45.css]
[kitpro.site/tutturu/wp-content/plugins/elementskit-lite/widgets/init/assets/css/widget-styles7c45.css]
[kitpro.site/tutturu/wp-content/plugins/elementor/assets/lib/font-awesome/css/fontawesome.min52d5.css]
[kitpro.site/tutturu/wp-content/plugins/elementor/assets/lib/font-awesome/css/solid.min52d5.css]
[kitpro.site/tutturu/wp-content/plugins/elementor/assets/lib/font-awesome/css/regular.min52d5.css]
[kitpro.site/tutturu/wp-content/plugins/elementor/assets/lib/font-awesome/css/brands.min52d5.css]
[kitpro.site/tutturu/wp-includes/js/jquery/jquery.minf43b.js]
[kitpro.site/tutturu/wp-includes/js/jquery/jquery-migrate.min5589.js]
[kitpro.site/tutturu/wp-content/plugins/template-kit-export/public/assets/js/template-kit-export-public.min365c.js]
[kitpro.site/tutturu/wp-json/wp/v2/pages/915.json]
[kitpro.site/tutturu/wp-json/index.html]
[kitpro.site/tutturu/xmlrpc0db0.php]
[kitpro.site/tutturu/wp-json/oembed/1.0/embed184f.json]
[kitpro.site/tutturu/wp-json/oembed/1.0/embed104f]
[kitpro.site/tutturu/wp-content/uploads/sites/69/2022/02/Tutturu.png]
[kitpro.site/tutturu/wp-content/uploads/sites/69/2022/02/Elearning10072005-copy.png]
[kitpro.site/tutturu/wp-content/uploads/sites/69/2022/02/6-teaching_256g2.png]
[kitpro.site/tutturu/template-kit/home/index.html]
[kitpro.site/tutturu/wp-content/uploads/sites/69/2022/02/11-grade_256g2.png]
[kitpro.site/tutturu/template-kit/team/index.html]
[kitpro.site/tutturu/template-kit/course/index.html]
[kitpro.site/tutturu/wp-content/uploads/sites/69/2022/02/15-certificate_256g2.png]
[kitpro.site/tutturu/template-kit/about/index.html]
[kitpro.site/tutturu/template-kit/pricing/index.html]
[kitpro.site/tutturu/wp-content/uploads/sites/69/2022/02/4-rating_256g2.png]
[kitpro.site/tutturu/template-kit/testimonial/index.html]
[kitpro.site/tutturu/wp-content/uploads/sites/69/2022/02/Elearning100720014-copy.png]
[kitpro.site/tutturu/template-kit/faq/index.html]
[kitpro.site/tutturu/template-kit/blog/index.html]
[kitpro.site/tutturu/wp-content/uploads/sites/69/2022/02/focus-girl-trying-to-solve-mathematical-equation-2021-08-26-20-16-10-utc-copy-1024x684.jpg]
[kitpro.site/tutturu/template-kit/404/index.html]
[kitpro.site/tutturu/wp-content/uploads/sites/69/2022/02/science-class-2021-08-26-19-52-18-utc-1024x684.jpg]
[kitpro.site/tutturu/template-kit/contact-us/index.html]
[kitpro.site/tutturu/wp-content/uploads/sites/69/2022/02/happy-chinese-teenager-girl-using-laptop-learning-2022-02-02-06-12-22-utc-1024x683.jpg]
[kitpro.site/tutturu/wp-content/uploads/sites/69/2022/02/creative-asian-girl-having-arts-and-crafts-lesson-2022-02-02-06-11-13-utc-1024x683.jpg]
[kitpro.site/tutturu/wp-content/uploads/sites/69/2022/02/children-learning-to-read-in-english-2021-12-09-20-28-07-utc-1024x683.jpg]
[kitpro.site/tutturu/wp-content/uploads/sites/69/2022/02/kids-with-teacher-in-class-2021-09-24-04-19-57-utc-1024x683.jpg]
[kitpro.site/tutturu/wp-content/uploads/sites/69/2022/02/Elearning10072004-Converted-761x1024.png]
[kitpro.site/tutturu/wp-content/uploads/sites/69/2022/02/avatar2.png]
[kitpro.site/tutturu/wp-content/uploads/sites/69/2022/02/avatar1.png]
[kitpro.site/tutturu/wp-content/uploads/sites/69/2022/02/avatar3.png]
[kitpro.site/tutturu/wp-content/uploads/sites/69/2022/02/ava2.png]
[kitpro.site/tutturu/wp-content/uploads/sites/69/2022/02/Elearning100720010-Converted0.png]
[kitpro.site/tutturu/wp-content/plugins/header-footer-elementor/inc/widgets-css/frontend88a1.css]
[kitpro.site/tutturu/wp-content/plugins/elementor/assets/lib/font-awesome/css/all.min78fb.css]
[kitpro.site/tutturu/wp-content/plugins/elementor/assets/lib/font-awesome/css/v4-shims.min78fb.css]
[kitpro.site/tutturu/wp-content/uploads/sites/69/elementor/css/post-2004fdc.css]
[kitpro.site/tutturu/wp-content/plugins/metform/public/assets/css/metform-ui3b71.css]
[kitpro.site/tutturu/wp-content/plugins/metform/public/assets/css/style3b71.css]
[kitpro.site/tutturu/wp-content/plugins/elementor/assets/lib/animations/animations.min78fb.css]
[kitpro.site/tutturu/wp-content/themes/hello-elementor/assets/js/hello-frontend.min8a54.js]
[kitpro.site/tutturu/wp-content/plugins/elementskit-lite/libs/framework/assets/js/frontend-script7c45.js]
[kitpro.site/tutturu/wp-content/plugins/elementskit-lite/widgets/init/assets/js/widget-scripts7c45.js]
[kitpro.site/tutturu/wp-content/plugins/elementor/assets/js/webpack.runtime.min78fb.js]
[kitpro.site/tutturu/wp-content/plugins/elementor/assets/js/frontend-modules.min78fb.js]
[kitpro.site/tutturu/wp-content/plugins/elementor/assets/lib/waypoints/waypoints.min05da.js]
[kitpro.site/tutturu/wp-includes/js/jquery/ui/core.min3f14.js]
[kitpro.site/tutturu/wp-content/plugins/elementor/assets/js/frontend.min78fb.js]
[kitpro.site/tutturu/wp-content/plugins/jeg-elementor-kit/assets/js/elements/sticky-element6fca.js]
[kitpro.site/tutturu/wp-content/plugins/elementor/assets/lib/font-awesome/js/v4-shims.min78fb.js]
[kitpro.site/tutturu/wp-content/plugins/header-footer-elementor/inc/js/frontend88a1.js]
[kitpro.site/tutturu/wp-content/plugins/elementor/assets/lib/jquery-numerator/jquery-numerator.min3958.js]
[kitpro.site/tutturu/wp-content/plugins/metform/public/assets/js/htm3b71.js]
[kitpro.site/tutturu/wp-includes/js/dist/vendor/wp-polyfill-inert.min0226.js]
[kitpro.site/tutturu/wp-includes/js/dist/vendor/regenerator-runtime.min6c85.js]
[kitpro.site/tutturu/wp-includes/js/dist/vendor/react.min7a3b.js]
[kitpro.site/tutturu/wp-includes/js/dist/vendor/wp-polyfill.min2c7c.js]
[kitpro.site/tutturu/wp-includes/js/dist/escape-html.min0311.js]
[kitpro.site/tutturu/wp-includes/js/dist/vendor/react-dom.min7a3b.js]
[kitpro.site/tutturu/wp-includes/js/dist/element.min0eb1.js]
[kitpro.site/tutturu/wp-content/plugins/elementskit-lite/widgets/init/assets/js/animate-circle.min7c45.js]
[kitpro.site/tutturu/wp-content/plugins/elementskit-lite/widgets/init/assets/js/elementor7c45.js]
[kitpro.site/tutturu/wp-content/plugins/metform/public/assets/js/app3b71.js]
[kitpro.site/tutturu/wp-content/plugins/elementskit-lite/widgets/lottie/assets/js/lottie.min7c45.js]
[kitpro.site/tutturu/wp-content/plugins/elementskit-lite/widgets/lottie/assets/js/lottie.init7c45.js]
[kitpro.site/tutturu/index.html]
[kitpro.site/tutturu/xmlrpc.php]
[kitpro.site/tutturu/wp-content/plugins/jeg-elementor-kit/assets/img/letter-x.svg]
[kitpro.site/tutturu/wp-content/plugins/jeg-elementor-kit/assets/css/elements/main6fca.css]
[kitpro.site/tutturu/wp-content/plugins/template-kit-export/public/assets/css/template-kit-export-public.min365c.css]
[kitpro.site/tutturu/wp-content/plugins/header-footer-elementor/assets/css/header-footer-elementor88a1.css]
[kitpro.site/tutturu/wp-content/plugins/elementor/assets/lib/eicons/fonts/eicons8016.eot]
[kitpro.site/tutturu/wp-content/plugins/elementor/assets/lib/eicons/fonts/eicons8016.woff2]
[kitpro.site/tutturu/wp-content/plugins/elementor/assets/lib/eicons/fonts/eicons8016.woff]
[kitpro.site/tutturu/wp-content/plugins/elementor/assets/lib/eicons/fonts/eicons8016.ttf]
[kitpro.site/tutturu/wp-content/plugins/elementor/assets/lib/eicons/css/elementor-icons.mind54b.css]
[kitpro.site/tutturu/wp-content/plugins/elementor/assets/css/frontend-lite.min78fb.css]
[kitpro.site/tutturu/wp-content/plugins/elementor/assets/lib/swiper/v8/css/swiper.min94a4.css]
[kitpro.site/tutturu/wp-content/uploads/sites/69/elementor/css/post-6aed2.css]
[kitpro.site/tutturu/wp-content/uploads/sites/69/2022/02/bg1a.png]
[kitpro.site/tutturu/wp-content/uploads/sites/69/2022/02/bg2a.png]
[kitpro.site/tutturu/wp-content/uploads/sites/69/elementor/css/post-9154fdc.css]
[kitpro.site/tutturu/wp-content/uploads/sites/69/elementor/css/post-3584fdc.css]
[kitpro.site/tutturu/wp-content/uploads/sites/69/elementor/css/post-3644fdc.css]
[kitpro.site/tutturu/wp-content/plugins/metform/public/assets/css/text-editor3b71.css]
[kitpro.site/tutturu/wp-content/themes/hello-elementor/style.min1102.css]
[kitpro.site/tutturu/wp-content/themes/hello-elementor/theme.min1102.css]
[kitpro.site/tutturu/wp-content/plugins/elementor/assets/lib/eicons/fonts/eicons8016.svg]
[kitpro.site/tutturu/wp-content/plugins/elementskit-lite/modules/elementskit-icon-pack/assets/fonts/elementskit97ac.woff]
[kitpro.site/tutturu/wp-content/plugins/elementskit-lite/modules/elementskit-icon-pack/assets/css/ekiticons7c45.css]
[kitpro.site/tutturu/wp-content/plugins/elementskit-lite/widgets/init/assets/img/arrow.png]
[kitpro.site/tutturu/wp-content/plugins/elementskit-lite/widgets/init/assets/img/sort_asc.png]
[kitpro.site/tutturu/wp-content/plugins/elementskit-lite/widgets/init/assets/img/sort_desc.png]
[kitpro.site/tutturu/wp-content/plugins/elementskit-lite/widgets/init/assets/img/sort_asc_disabled.png]
[kitpro.site/tutturu/wp-content/plugins/elementskit-lite/widgets/init/assets/css/widget-styles7c45.css]
[kitpro.site/tutturu/wp-content/plugins/elementskit-lite/widgets/init/assets/css/responsive7c45.css]
[kitpro.site/tutturu/wp-content/plugins/elementor/assets/lib/font-awesome/css/fontawesome.min52d5.css]
[kitpro.site/tutturu/wp-content/plugins/elementor/assets/lib/font-awesome/webfonts/fa-solid-900.eot]
[kitpro.site/tutturu/wp-content/plugins/elementor/assets/lib/font-awesome/webfonts/fa-solid-900d41d.eot]
[kitpro.site/tutturu/wp-content/plugins/elementor/assets/lib/font-awesome/webfonts/fa-solid-900.woff2]
[kitpro.site/tutturu/wp-content/plugins/elementor/assets/lib/font-awesome/webfonts/fa-solid-900.woff]
[kitpro.site/tutturu/wp-content/plugins/elementor/assets/lib/font-awesome/webfonts/fa-solid-900.ttf]
[kitpro.site/tutturu/wp-content/plugins/elementor/assets/lib/font-awesome/css/solid.min52d5.css]
[kitpro.site/tutturu/wp-content/plugins/elementor/assets/lib/font-awesome/webfonts/fa-solid-900.svg]
[kitpro.site/tutturu/wp-content/plugins/elementor/assets/lib/font-awesome/webfonts/fa-regular-400.eot]
[kitpro.site/tutturu/wp-content/plugins/elementor/assets/lib/font-awesome/webfonts/fa-regular-400d41d.eot]
[kitpro.site/tutturu/wp-content/plugins/elementor/assets/lib/font-awesome/webfonts/fa-regular-400.woff2]
[kitpro.site/tutturu/wp-content/plugins/elementor/assets/lib/font-awesome/webfonts/fa-regular-400.woff]
[kitpro.site/tutturu/wp-content/plugins/elementor/assets/lib/font-awesome/webfonts/fa-regular-400.ttf]
[kitpro.site/tutturu/wp-content/plugins/elementor/assets/lib/font-awesome/css/regular.min52d5.css]
[kitpro.site/tutturu/wp-content/plugins/elementor/assets/lib/font-awesome/webfonts/fa-regular-400.svg]
[kitpro.site/tutturu/wp-content/plugins/elementor/assets/lib/font-awesome/webfonts/fa-brands-400.eot]
[kitpro.site/tutturu/wp-content/plugins/elementor/assets/lib/font-awesome/webfonts/fa-brands-400d41d.eot]
[kitpro.site/tutturu/wp-content/plugins/elementor/assets/lib/font-awesome/webfonts/fa-brands-400.woff2]
[kitpro.site/tutturu/wp-content/plugins/elementor/assets/lib/font-awesome/webfonts/fa-brands-400.woff]
[kitpro.site/tutturu/wp-content/plugins/elementor/assets/lib/font-awesome/webfonts/fa-brands-400.ttf]
[kitpro.site/tutturu/wp-content/plugins/elementor/assets/lib/font-awesome/css/brands.min52d5.css]
[kitpro.site/tutturu/wp-content/uploads/sites/69/elementor/css/post-10d14d.css]
[kitpro.site/tutturu/wp-json/oembed/1.0/embedcb32.json]
[kitpro.site/tutturu/wp-content/plugins/elementor/assets/lib/font-awesome/webfonts/fa-brands-400.svg]
[kitpro.site/tutturu/template-kit/home/index.html]
[kitpro.site/tutturu/wp-json/oembed/1.0/embedb726]
[kitpro.site/tutturu/wp-content/uploads/sites/69/elementor/css/post-378ac06.css]
[kitpro.site/tutturu/wp-json/oembed/1.0/embedfb66.json]
[kitpro.site/tutturu/wp-json/oembed/1.0/embed749f]
[kitpro.site/tutturu/wp-content/uploads/sites/69/2022/02/Elearning10072006-Converted0.png]
[kitpro.site/tutturu/wp-content/uploads/sites/69/2022/02/photo-of-pleasant-looking-unshaven-young-male-with-2022-02-04-02-09-15-utc-1024x683.jpg]
[kitpro.site/tutturu/wp-content/uploads/sites/69/2022/02/happy-carefree-emotions-excited-redhead-woman-rai-2021-08-31-09-13-25-utc-1024x683.jpg]
[kitpro.site/tutturu/wp-content/uploads/sites/69/2022/02/closeup-portrait-of-cheerful-young-black-hipster-g-2021-09-03-04-19-12-utc-1024x683.jpg]
[kitpro.site/tutturu/template-kit/about/index.html]
[kitpro.site/tutturu/wp-content/uploads/sites/69/elementor/css/post-43884c8.css]
[kitpro.site/tutturu/wp-json/oembed/1.0/embed0266.json]
[kitpro.site/tutturu/wp-json/oembed/1.0/embed0547]
[kitpro.site/tutturu/wp-content/uploads/sites/69/2022/02/casual-person-portrait-of-black-female-student-we-2022-01-30-08-42-27-utc-1024x683.jpg]
[kitpro.site/tutturu/wp-content/uploads/sites/69/2022/02/confident-ginger-male-with-trendy-hairstyle-wears-2022-02-06-12-52-34-utc-1024x683.jpg]
[kitpro.site/tutturu/wp-content/uploads/sites/69/2022/02/headshot-portrait-of-happy-man-with-pale-skin-wear-2021-09-03-00-34-33-utc-1024x683.jpg]
[kitpro.site/tutturu/template-kit/team/index.html]
[kitpro.site/tutturu/wp-content/uploads/sites/69/elementor/css/post-427f8fe.css]
[kitpro.site/tutturu/wp-json/oembed/1.0/embed04c4.json]
[kitpro.site/tutturu/template-kit/course/index.html]
[kitpro.site/tutturu/wp-json/oembed/1.0/embed42ed]
[kitpro.site/tutturu/wp-content/uploads/sites/69/elementor/css/post-4435735.css]
[kitpro.site/tutturu/wp-json/oembed/1.0/embed9861.json]
[kitpro.site/tutturu/wp-json/oembed/1.0/embedfe25]
[kitpro.site/tutturu/wp-content/plugins/elementor/assets/css/widget-icon-list.min.css]
[kitpro.site/tutturu/template-kit/pricing/index.html]
[kitpro.site/tutturu/wp-content/uploads/sites/69/elementor/css/post-449d28c.css]
[kitpro.site/tutturu/wp-json/oembed/1.0/embede3d3.json]
[kitpro.site/tutturu/wp-json/oembed/1.0/embed7de2]
[kitpro.site/tutturu/template-kit/faq/index.html]
[kitpro.site/tutturu/wp-content/uploads/sites/69/elementor/css/post-4553f09.css]
[kitpro.site/tutturu/wp-json/oembed/1.0/embed9c77.json]
[kitpro.site/tutturu/wp-json/oembed/1.0/embed85c5]
[kitpro.site/tutturu/wp-content/uploads/sites/69/2022/02/avatar6.png]
[kitpro.site/tutturu/wp-content/uploads/sites/69/2022/02/avatar4.png]
[kitpro.site/tutturu/wp-content/uploads/sites/69/2022/02/avatar5.png]
[kitpro.site/tutturu/template-kit/testimonial/index.html]
[kitpro.site/tutturu/wp-content/uploads/sites/69/elementor/css/post-461095c.css]
[kitpro.site/tutturu/wp-json/oembed/1.0/embed9586.json]
[kitpro.site/tutturu/wp-json/oembed/1.0/embedb29c]
[kitpro.site/tutturu/wp-content/uploads/sites/69/2022/02/online-learning-boy-using-laptop-2021-08-30-06-37-57-utc-copy-1-1024x683.jpg]
[kitpro.site/tutturu/wp-content/uploads/sites/69/2022/02/woman-learning-english-online-2021-08-26-15-34-41-utc-1024x680.jpg]
[kitpro.site/tutturu/2022/02/10/for-high-education/index.html]
[kitpro.site/tutturu/wp-content/uploads/sites/69/2022/02/e-learning-online-learning-concept-2021-08-26-17-20-01-utc-1024x672.jpg]
[kitpro.site/tutturu/2022/02/10/educating-you-well-is-our-aim/index.html]
[kitpro.site/tutturu/2022/02/10/you-are-a-priority-for-us/index.html]
[kitpro.site/tutturu/wp-content/uploads/sites/69/2022/02/student-learning-at-home-with-online-lesson-2021-08-27-14-00-32-utc-1024x683.jpg]
[kitpro.site/tutturu/2022/02/10/distance-education-with-fun-learning/index.html]
[kitpro.site/tutturu/wp-content/uploads/sites/69/2022/02/online-learning-using-laptop-teacher-and-boy-2021-09-15-18-49-23-utc-1024x683.jpg]
[kitpro.site/tutturu/wp-content/uploads/sites/69/2022/02/online-learning-2021-08-29-01-14-12-utc-1024x683.jpg]
[kitpro.site/tutturu/template-kit/blog/index.html]
[kitpro.site/tutturu/2022/02/10/passionately-involved-in-education/index.html]
[kitpro.site/tutturu/wp-content/uploads/sites/69/elementor/css/post-4661153.css]
[kitpro.site/tutturu/2022/02/10/a-great-place-for-learning/index.html]
[kitpro.site/tutturu/wp-json/oembed/1.0/embed30bd.json]
[kitpro.site/tutturu/wp-json/oembed/1.0/embed4c99]
[kitpro.site/tutturu/wp-content/uploads/sites/69/2022/02/telescope.png]
[kitpro.site/tutturu/wp-content/uploads/sites/69/2022/02/roket1.png]
[kitpro.site/tutturu/wp-content/uploads/sites/69/2022/02/astronot.png]
[kitpro.site/tutturu/template-kit/404/index.html]
[kitpro.site/tutturu/wp-content/uploads/sites/69/elementor/css/post-4339a35.css]
[kitpro.site/tutturu/wp-content/plugins/jeg-elementor-kit/assets/fonts/jkiticon/jkiticon6fca.css]
[kitpro.site/tutturu/wp-json/oembed/1.0/embed5014.json]
[kitpro.site/tutturu/wp-json/oembed/1.0/embedc203]
[kitpro.site/tutturu/wp-content/plugins/elementor/assets/css/widget-icon-box.min.css]
[kitpro.site/tutturu/wp-content/uploads/sites/69/2022/02/cc1.png]
[kitpro.site/tutturu/wp-content/uploads/sites/69/elementor/css/post-5019a35.css]
[kitpro.site/tutturu/template-kit/contact-us/index.html]
[kitpro.site/tutturu/wp-content/plugins/jeg-elementor-kit/lib/jeg-framework/assets/css/jeg-dynamic-styles6f3e.css]
[kitpro.site/tutturu/wp-content/plugins/header-footer-elementor/inc/widgets-css/frontend88a1.css]
[kitpro.site/tutturu/wp-content/plugins/elementor/assets/lib/font-awesome/css/all.min78fb.css]
[kitpro.site/tutturu/wp-content/plugins/elementor/assets/lib/font-awesome/css/v4-shims.min78fb.css]
[kitpro.site/tutturu/wp-content/uploads/sites/69/elementor/css/post-2004fdc.css]
[kitpro.site/tutturu/wp-content/plugins/metform/public/assets/css/metform-ui3b71.css]
[kitpro.site/tutturu/wp-content/plugins/metform/public/assets/css/style3b71.css]
[kitpro.site/tutturu/wp-content/plugins/elementor/assets/lib/animations/animations.min78fb.css]
[kitpro.site/tutturu/indexe2f2.html]
[kitpro.site/tutturu/wp-content/plugins/jeg-elementor-kit/assets/img/letter-x.svg]
[kitpro.site/tutturu/wp-content/plugins/elementor/assets/lib/eicons/fonts/eicons8016.svg]
[kitpro.site/tutturu/wp-content/plugins/elementskit-lite/widgets/init/assets/img/cross-out.svg]
[kitpro.site/tutturu/wp-content/plugins/elementor/assets/lib/font-awesome/webfonts/fa-solid-900.svg]
[kitpro.site/tutturu/wp-content/plugins/elementor/assets/lib/font-awesome/webfonts/fa-regular-400.svg]
[kitpro.site/tutturu/wp-content/plugins/elementor/assets/lib/font-awesome/webfonts/fa-brands-400.svg]
[kitpro.site/tutturu/wp-content/uploads/sites/69/elementor/css/post-10d14d.css]
[kitpro.site/tutturu/index64b4.html]
[kitpro.site/tutturu/wp-content/uploads/sites/69/elementor/css/post-378ac06.css]
[kitpro.site/tutturu/indexe8d3.html]
[kitpro.site/tutturu/wp-content/uploads/sites/69/elementor/css/post-43884c8.css]
[kitpro.site/tutturu/index9ed5.html]
[kitpro.site/tutturu/wp-content/uploads/sites/69/elementor/css/post-427f8fe.css]
[kitpro.site/tutturu/indexa942.html]
[kitpro.site/tutturu/wp-content/uploads/sites/69/elementor/css/post-4435735.css]
[kitpro.site/tutturu/indexe0b1.html]
[kitpro.site/tutturu/wp-content/plugins/elementor/assets/css/widget-icon-list.min.css]
[kitpro.site/tutturu/wp-content/uploads/sites/69/elementor/css/post-449d28c.css]
[kitpro.site/tutturu/indexb47e.html]
[kitpro.site/tutturu/wp-content/uploads/sites/69/elementor/css/post-4553f09.css]
[kitpro.site/tutturu/index9e38.html]
[kitpro.site/tutturu/wp-content/uploads/sites/69/elementor/css/post-461095c.css]
[kitpro.site/tutturu/indexfe24.html]
[kitpro.site/tutturu/wp-includes/css/dist/block-library/style.min5352.css]
[kitpro.site/tutturu/2022/02/10/for-high-education/feed/index.html]
[kitpro.site/tutturu/wp-json/wp/v2/posts/642.json]
[kitpro.site/tutturu/wp-json/oembed/1.0/embede49b.json]
[kitpro.site/tutturu/wp-json/oembed/1.0/embed6483]
[kitpro.site/tutturu/2022/02/10/for-high-education/index.html]
[kitpro.site/tutturu/wp-includes/js/comment-reply.min5352.js]
[kitpro.site/tutturu/wp-json/wp/v2/posts/634.json]
[kitpro.site/tutturu/2022/02/10/educating-you-well-is-our-aim/feed/index.html]
[kitpro.site/tutturu/wp-json/oembed/1.0/embed988e.json]
[kitpro.site/tutturu/wp-json/oembed/1.0/embed9e0e]
[kitpro.site/tutturu/2022/02/10/educating-you-well-is-our-aim/index.html]
[kitpro.site/tutturu/2022/02/10/for-high-education/ https_/kitpro.site/tutturu/2022/02/10/educating-you-well-is-our-aim/index.html]
[kitpro.site/tutturu/wp-json/wp/v2/posts/630.json]
[kitpro.site/tutturu/2022/02/10/you-are-a-priority-for-us/feed/index.html]
[kitpro.site/tutturu/wp-json/oembed/1.0/embed3520.json]
[kitpro.site/tutturu/wp-json/oembed/1.0/embed0766]
[kitpro.site/tutturu/2022/02/10/you-are-a-priority-for-us/index.html]
[kitpro.site/tutturu/2022/02/10/for-high-education/ https_/kitpro.site/tutturu/2022/02/10/educating-you-well-is-our-aim/ https_/kitpro.site/tutturu/2022/02/10/you-are-a-priority-for-us/index.html]
[kitpro.site/tutturu/wp-json/wp/v2/posts/627.json]
[kitpro.site/tutturu/2022/02/10/distance-education-with-fun-learning/feed/index.html]
[kitpro.site/tutturu/wp-json/oembed/1.0/embeda3dc.json]
[kitpro.site/tutturu/wp-json/oembed/1.0/embed7270]
[kitpro.site/tutturu/2022/02/10/distance-education-with-fun-learning/index.html]
[kitpro.site/tutturu/2022/02/10/for-high-education/ https_/kitpro.site/tutturu/2022/02/10/educating-you-well-is-our-aim/ https_/kitpro.site/tutturu/2022/02/10/you-are-a-priority-for-us/ https_/kitpro.site/t/index.html]
[kitpro.site/tutturu/wp-json/wp/v2/posts/625.json]
[kitpro.site/tutturu/wp-json/oembed/1.0/embed86f8.json]
[kitpro.site/tutturu/2022/02/10/passionately-involved-in-education/feed/index.html]
[kitpro.site/tutturu/wp-json/oembed/1.0/embed8227]
[kitpro.site/tutturu/2022/02/10/passionately-involved-in-education/index.html]
[kitpro.site/tutturu/2022/02/10/for-high-education/ https_/kitpro.site/tutturu/2022/02/10/educating-you-well-is-our-aim/ https_/kitpro.site/tutturu/2022/02/10/you-are-a-priority-for-us/ https_/kitpro.site/t/index-2.html]
[kitpro.site/tutturu/wp-json/wp/v2/posts/615.json]
[kitpro.site/tutturu/2022/02/10/a-great-place-for-learning/feed/index.html]
[kitpro.site/tutturu/wp-json/oembed/1.0/embed325b.json]
[kitpro.site/tutturu/2022/02/10/a-great-place-for-learning/index.html]
[kitpro.site/tutturu/2022/02/10/for-high-education/ https_/kitpro.site/tutturu/2022/02/10/educating-you-well-is-our-aim/ https_/kitpro.site/tutturu/2022/02/10/you-are-a-priority-for-us/ https_/kitpro.site/t/index-3.html]
[kitpro.site/tutturu/wp-content/uploads/sites/69/elementor/css/post-4661153.css]
[kitpro.site/tutturu/index2905.html]
[kitpro.site/tutturu/wp-content/uploads/sites/69/elementor/css/post-4339a35.css]
[kitpro.site/tutturu/wp-json/oembed/1.0/embedca59]
[kitpro.site/tutturu/wp-content/plugins/jeg-elementor-kit/assets/fonts/jkiticon/jkiticon7107.eot]
[kitpro.site/tutturu/wp-content/plugins/jeg-elementor-kit/assets/fonts/jkiticon/jkiticon7107.woff2]
[kitpro.site/tutturu/wp-content/plugins/jeg-elementor-kit/assets/fonts/jkiticon/jkiticon7107.woff]
[kitpro.site/tutturu/wp-content/plugins/jeg-elementor-kit/assets/fonts/jkiticon/jkiticon7107.ttf]
[kitpro.site/tutturu/wp-content/plugins/jeg-elementor-kit/assets/fonts/jkiticon/jkiticon6fca.css]
[kitpro.site/tutturu/index1557.html]
[kitpro.site/tutturu/wp-content/plugins/elementor/assets/css/widget-icon-box.min.css]
[kitpro.site/tutturu/wp-content/uploads/sites/69/elementor/css/post-5019a35.css]
[kitpro.site/tutturu/wp-content/plugins/elementor/assets/mask-shapes/circle.svg]
[kitpro.site/tutturu/wp-includes/css/dist/block-library/style.min5352.css]
[kitpro.site/tutturu/indexd1c3.html]
[kitpro.site/tutturu/index5cd0.html]
[kitpro.site/tutturu/indexa1c1.html]
[kitpro.site/tutturu/indexf763.html]
[kitpro.site/tutturu/index8962.html]
[kitpro.site/tutturu/index2f7a.html]
[kitpro.site/tutturu/wp-content/plugins/jeg-elementor-kit/assets/fonts/jkiticon/jkiticon7107.svg]
[kitpro.site/tutturu/wp-content/plugins/jeg-elementor-kit/assets/fonts/jkiticon/jkiticon7107.svg]
